windows	Set up job	﻿2026-08-28T05:05:14.2320489Z Current runner version: '2.336.0'
windows	Set up job	2026-08-28T05:05:14.2362405Z ##[group]Runner Image Provisioner
windows	Set up job	2026-08-28T05:05:14.2363131Z Hosted Compute Agent
windows	Set up job	2026-08-28T05:05:14.2363585Z Version: 20260729.566
windows	Set up job	2026-08-28T05:05:14.2364095Z Commit: cf7153fe6e25b664e8693c24944bf2b00355d109
windows	Set up job	2026-08-28T05:05:14.2364633Z Build Date: 2026-07-29T19:17:02Z
windows	Set up job	2026-08-28T05:05:14.2365161Z Worker ID: {6bd739e5-b082-4458-a0c5-37b62005f6c3}
windows	Set up job	2026-08-28T05:05:14.2365714Z Azure Region: westus3
windows	Set up job	2026-08-28T05:05:14.2366157Z ##[endgroup]
windows	Set up job	2026-08-28T05:05:14.2367293Z ##[group]Operating System
windows	Set up job	2026-08-28T05:05:14.2367778Z Microsoft Windows Server 2025
windows	Set up job	2026-08-28T05:05:14.2368256Z 10.0.26100
windows	Set up job	2026-08-28T05:05:14.2368670Z Datacenter
windows	Set up job	2026-08-28T05:05:14.2369050Z ##[endgroup]
windows	Set up job	2026-08-28T05:05:14.2369515Z ##[group]Runner Image
windows	Set up job	2026-08-28T05:05:14.2369957Z Image: windows-2025-vs2026
windows	Set up job	2026-08-28T05:05:14.2370444Z Version: 20260818.207.1
windows	Set up job	2026-08-28T05:05:14.2371316Z Included Software: https://github.com/actions/runner-images/blob/win25-vs2026/20260818.207/images/windows/Windows2025-VS2026-Readme.md
windows	Set up job	2026-08-28T05:05:14.2372912Z Image Release: https://github.com/actions/runner-images/releases/tag/win25-vs2026%2F20260818.207
windows	Set up job	2026-08-28T05:05:14.2373658Z ##[endgroup]
windows	Set up job	2026-08-28T05:05:14.2374421Z ##[group]GITHUB_TOKEN Permissions
windows	Set up job	2026-08-28T05:05:14.2376334Z Metadata: read
windows	Set up job	2026-08-28T05:05:14.2376849Z ##[endgroup]
windows	Set up job	2026-08-28T05:05:14.2378500Z Secret source: Actions
windows	Set up job	2026-08-28T05:05:14.2379502Z Prepare workflow directory
windows	Set up job	2026-08-28T05:05:14.2642717Z Prepare all required actions
windows	Set up job	2026-08-28T05:05:14.2681237Z Getting action download info
windows	Set up job	2026-08-28T05:05:14.5426127Z Download action repository 'actions/upload-artifact@ea165f8d65b6e75b540449e92b4886f43607fa02' (SHA:ea165f8d65b6e75b540449e92b4886f43607fa02)
windows	Set up job	2026-08-28T05:05:14.8202908Z Complete job name: windows
windows	Fetch this exact public task snapshot	﻿2026-08-28T05:05:15.0227452Z ##[group]Run git init .
windows	Fetch this exact public task snapshot	2026-08-28T05:05:15.0228076Z [36;1mgit init .[0m
windows	Fetch this exact public task snapshot	2026-08-28T05:05:15.0228517Z [36;1mif ($LASTEXITCODE) { throw 'git init failed' }[0m
windows	Fetch this exact public task snapshot	2026-08-28T05:05:15.0229198Z [36;1mgit remote add origin https://github.com/ishk-sftckz/exspecso.git[0m
windows	Fetch this exact public task snapshot	2026-08-28T05:05:15.0229829Z [36;1mgit fetch --depth=1 origin $env:GITHUB_SHA[0m
windows	Fetch this exact public task snapshot	2026-08-28T05:05:15.0230361Z [36;1mif ($LASTEXITCODE) { throw 'git fetch failed' }[0m
windows	Fetch this exact public task snapshot	2026-08-28T05:05:15.0230852Z [36;1mgit checkout --detach FETCH_HEAD[0m
windows	Fetch this exact public task snapshot	2026-08-28T05:05:15.0231349Z [36;1mif ($LASTEXITCODE) { throw 'git checkout failed' }[0m
windows	Fetch this exact public task snapshot	2026-08-28T05:05:15.4337796Z shell: C:\Program Files\PowerShell\7\pwsh.EXE -command ". '{0}'"
windows	Fetch this exact public task snapshot	2026-08-28T05:05:15.4338743Z ##[endgroup]
windows	Fetch this exact public task snapshot	2026-08-28T05:05:16.8049942Z Initialized empty Git repository in D:/a/exspecso/exspecso/.git/
windows	Fetch this exact public task snapshot	2026-08-28T05:05:19.7475059Z From https://github.com/ishk-sftckz/exspecso
windows	Fetch this exact public task snapshot	2026-08-28T05:05:19.7475922Z  * branch            d86c2e7bd076c6f7fd76b1c08b6e3152f249e1e3 -> FETCH_HEAD
windows	Fetch this exact public task snapshot	2026-08-28T05:05:19.8575377Z HEAD is now at d86c2e7 test(01-10): inspect pinned Windows APIs before parity implementation
windows	Inspect the pinned native Windows SDK and toolchain	﻿2026-08-28T05:05:19.9960632Z ##[group]Run ./native/windows-preflight.ps1
windows	Inspect the pinned native Windows SDK and toolchain	2026-08-28T05:05:19.9961167Z [36;1m./native/windows-preflight.ps1[0m
windows	Inspect the pinned native Windows SDK and toolchain	2026-08-28T05:05:20.0039151Z shell: C:\Program Files\PowerShell\7\pwsh.EXE -command ". '{0}'"
windows	Inspect the pinned native Windows SDK and toolchain	2026-08-28T05:05:20.0039518Z ##[endgroup]
windows	Inspect the pinned native Windows SDK and toolchain	2026-08-28T05:05:21.6161164Z {
windows	Inspect the pinned native Windows SDK and toolchain	2026-08-28T05:05:21.6161598Z   "imageVersion": "20260818.207.1",
windows	Inspect the pinned native Windows SDK and toolchain	2026-08-28T05:05:21.6161897Z   "imageOS": "win25-vs2026",
windows	Inspect the pinned native Windows SDK and toolchain	2026-08-28T05:05:21.6162093Z   "architecture": "X64",
windows	Inspect the pinned native Windows SDK and toolchain	2026-08-28T05:05:21.6162319Z   "caption": "Microsoft Windows Server 2025 Datacenter",
windows	Inspect the pinned native Windows SDK and toolchain	2026-08-28T05:05:21.6162590Z   "version": "10.0.26100",
windows	Inspect the pinned native Windows SDK and toolchain	2026-08-28T05:05:21.6162754Z   "build": "26100",
windows	Inspect the pinned native Windows SDK and toolchain	2026-08-28T05:05:21.6162907Z   "ubr": 33296,
windows	Inspect the pinned native Windows SDK and toolchain	2026-08-28T05:05:21.6163077Z   "displayVersion": "24H2",
windows	Inspect the pinned native Windows SDK and toolchain	2026-08-28T05:05:21.6163261Z   "filesystem": "NTFS",
windows	Inspect the pinned native Windows SDK and toolchain	2026-08-28T05:05:21.6163443Z   "visualStudio": [
windows	Inspect the pinned native Windows SDK and toolchain	2026-08-28T05:05:21.6163584Z     {
windows	Inspect the pinned native Windows SDK and toolchain	2026-08-28T05:05:21.6163745Z       "installationVersion": "18.9.12112.369",
windows	Inspect the pinned native Windows SDK and toolchain	2026-08-28T05:05:21.6164064Z       "installationPath": "C:\\Program Files\\Microsoft Visual Studio\\18\\Enterprise"
windows	Inspect the pinned native Windows SDK and toolchain	2026-08-28T05:05:21.6166265Z     }
windows	Inspect the pinned native Windows SDK and toolchain	2026-08-28T05:05:21.6166433Z   ],
windows	Inspect the pinned native Windows SDK and toolchain	2026-08-28T05:05:21.6166589Z   "sdkVersion": "10.0.26100.0",
windows	Inspect the pinned native Windows SDK and toolchain	2026-08-28T05:05:21.6166776Z   "msvcVersion": "14.44.35207"
windows	Inspect the pinned native Windows SDK and toolchain	2026-08-28T05:05:21.6166950Z }
windows	Inspect the pinned native Windows SDK and toolchain	2026-08-28T05:05:22.0223766Z --- um/winternl.h line 213 ---
windows	Inspect the pinned native Windows SDK and toolchain	2026-08-28T05:05:22.0224403Z 
windows	Inspect the pinned native Windows SDK and toolchain	2026-08-28T05:05:22.0225199Z typedef struct _OBJECT_ATTRIBUTES {
windows	Inspect the pinned native Windows SDK and toolchain	2026-08-28T05:05:22.0226533Z     ULONG Length;
windows	Inspect the pinned native Windows SDK and toolchain	2026-08-28T05:05:22.0227136Z     HANDLE RootDirectory;
windows	Inspect the pinned native Windows SDK and toolchain	2026-08-28T05:05:22.0228926Z     PUNICODE_STRING ObjectName;
windows	Inspect the pinned native Windows SDK and toolchain	2026-08-28T05:05:22.0229952Z     ULONG Attributes;
windows	Inspect the pinned native Windows SDK and toolchain	2026-08-28T05:05:22.0230781Z     PVOID SecurityDescriptor;
windows	Inspect the pinned native Windows SDK and toolchain	2026-08-28T05:05:22.0232018Z     PVOID SecurityQualityOfService;
windows	Inspect the pinned native Windows SDK and toolchain	2026-08-28T05:05:22.0233379Z } OBJECT_ATTRIBUTES;
windows	Inspect the pinned native Windows SDK and toolchain	2026-08-28T05:05:22.0234532Z typedef OBJECT_ATTRIBUTES *POBJECT_ATTRIBUTES;
windows	Inspect the pinned native Windows SDK and toolchain	2026-08-28T05:05:22.0235366Z 
windows	Inspect the pinned native Windows SDK and toolchain	2026-08-28T05:05:22.0236299Z typedef struct _IO_STATUS_BLOCK {
windows	Inspect the pinned native Windows SDK and toolchain	2026-08-28T05:05:22.0237442Z #pragma warning(push)
windows	Inspect the pinned native Windows SDK and toolchain	2026-08-28T05:05:22.0238759Z #pragma warning(disable: 4201) // we'll always use the Microsoft compiler
windows	Inspect the pinned native Windows SDK and toolchain	2026-08-28T05:05:22.0239678Z     union {
windows	Inspect the pinned native Windows SDK and toolchain	2026-08-28T05:05:22.0240800Z         NTSTATUS Status;
windows	Inspect the pinned native Windows SDK and toolchain	2026-08-28T05:05:22.0241901Z         PVOID Pointer;
windows	Inspect the pinned native Windows SDK and toolchain	2026-08-28T05:05:22.0243085Z     } DUMMYUNIONNAME;
windows	Inspect the pinned native Windows SDK and toolchain	2026-08-28T05:05:22.0244464Z #pragma warning(pop)
windows	Inspect the pinned native Windows SDK and toolchain	2026-08-28T05:05:22.0245136Z 
windows	Inspect the pinned native Windows SDK and toolchain	2026-08-28T05:05:22.0246305Z     ULONG_PTR Information;
windows	Inspect the pinned native Windows SDK and toolchain	2026-08-28T05:05:22.0247449Z } IO_STATUS_BLOCK, *PIO_STATUS_BLOCK;
windows	Inspect the pinned native Windows SDK and toolchain	2026-08-28T05:05:22.0248502Z 
windows	Inspect the pinned native Windows SDK and toolchain	2026-08-28T05:05:22.0249536Z typedef
windows	Inspect the pinned native Windows SDK and toolchain	2026-08-28T05:05:22.0250585Z VOID
windows	Inspect the pinned native Windows SDK and toolchain	2026-08-28T05:05:22.0251811Z (NTAPI *PIO_APC_ROUTINE) (
windows	Inspect the pinned native Windows SDK and toolchain	2026-08-28T05:05:22.0252916Z     IN PVOID ApcContext,
windows	Inspect the pinned native Windows SDK and toolchain	2026-08-28T05:05:22.0254132Z     IN PIO_STATUS_BLOCK IoStatusBlock,
windows	Inspect the pinned native Windows SDK and toolchain	2026-08-28T05:05:22.0255358Z     IN ULONG Reserved
windows	Inspect the pinned native Windows SDK and toolchain	2026-08-28T05:05:22.0256260Z     );
windows	Inspect the pinned native Windows SDK and toolchain	2026-08-28T05:05:22.0257230Z 
windows	Inspect the pinned native Windows SDK and toolchain	2026-08-28T05:05:22.0258346Z --- um/winternl.h line 992 ---
windows	Inspect the pinned native Windows SDK and toolchain	2026-08-28T05:05:22.0259252Z #define FILE_CREATE                     0x00000002
windows	Inspect the pinned native Windows SDK and toolchain	2026-08-28T05:05:22.0260417Z #define FILE_OPEN_IF                    0x00000003
windows	Inspect the pinned native Windows SDK and toolchain	2026-08-28T05:05:22.0261438Z #define FILE_OVERWRITE                  0x00000004
windows	Inspect the pinned native Windows SDK and toolchain	2026-08-28T05:05:22.0262645Z #define FILE_OVERWRITE_IF               0x00000005
windows	Inspect the pinned native Windows SDK and toolchain	2026-08-28T05:05:22.0263910Z #define FILE_MAXIMUM_DISPOSITION        0x00000005
windows	Inspect the pinned native Windows SDK and toolchain	2026-08-28T05:05:22.0265058Z 
windows	Inspect the pinned native Windows SDK and toolchain	2026-08-28T05:05:22.0266293Z //
windows	Inspect the pinned native Windows SDK and toolchain	2026-08-28T05:05:22.0267492Z // Define the create/open option flags
windows	Inspect the pinned native Windows SDK and toolchain	2026-08-28T05:05:22.0268686Z //
windows	Inspect the pinned native Windows SDK and toolchain	2026-08-28T05:05:22.0269746Z 
windows	Inspect the pinned native Windows SDK and toolchain	2026-08-28T05:05:22.0270806Z #define FILE_DIRECTORY_FILE                     0x00000001
windows	Inspect the pinned native Windows SDK and toolchain	2026-08-28T05:05:22.0271794Z #define FILE_WRITE_THROUGH                      0x00000002
windows	Inspect the pinned native Windows SDK and toolchain	2026-08-28T05:05:22.0272955Z #define FILE_SEQUENTIAL_ONLY                    0x00000004
windows	Inspect the pinned native Windows SDK and toolchain	2026-08-28T05:05:22.0273948Z #define FILE_NO_INTERMEDIATE_BUFFERING          0x00000008
windows	Inspect the pinned native Windows SDK and toolchain	2026-08-28T05:05:22.0274773Z 
windows	Inspect the pinned native Windows SDK and toolchain	2026-08-28T05:05:22.0277380Z #define FILE_SYNCHRONOUS_IO_ALERT               0x00000010
windows	Inspect the pinned native Windows SDK and toolchain	2026-08-28T05:05:22.0277694Z #define FILE_SYNCHRONOUS_IO_NONALERT            0x00000020
windows	Inspect the pinned native Windows SDK and toolchain	2026-08-28T05:05:22.0278886Z #define FILE_NON_DIRECTORY_FILE                 0x00000040
windows	Inspect the pinned native Windows SDK and toolchain	2026-08-28T05:05:22.0280185Z #define FILE_CREATE_TREE_CONNECTION             0x00000080
windows	Inspect the pinned native Windows SDK and toolchain	2026-08-28T05:05:22.0281205Z 
windows	Inspect the pinned native Windows SDK and toolchain	2026-08-28T05:05:22.0282348Z #define FILE_COMPLETE_IF_OPLOCKED               0x00000100
windows	Inspect the pinned native Windows SDK and toolchain	2026-08-28T05:05:22.0283270Z #define FILE_NO_EA_KNOWLEDGE                    0x00000200
windows	Inspect the pinned native Windows SDK and toolchain	2026-08-28T05:05:22.0284441Z #define FILE_OPEN_REMOTE_INSTANCE               0x00000400
windows	Inspect the pinned native Windows SDK and toolchain	2026-08-28T05:05:22.0285141Z #define FILE_RANDOM_ACCESS                      0x00000800
windows	Inspect the pinned native Windows SDK and toolchain	2026-08-28T05:05:22.0285888Z 
windows	Inspect the pinned native Windows SDK and toolchain	2026-08-28T05:05:22.0287182Z #define FILE_DELETE_ON_CLOSE                    0x00001000
windows	Inspect the pinned native Windows SDK and toolchain	2026-08-28T05:05:22.0288116Z #define FILE_OPEN_BY_FILE_ID                    0x00002000
windows	Inspect the pinned native Windows SDK and toolchain	2026-08-28T05:05:22.0289302Z #define FILE_OPEN_FOR_BACKUP_INTENT             0x00004000
windows	Inspect the pinned native Windows SDK and toolchain	2026-08-28T05:05:22.0290542Z #define FILE_NO_COMPRESSION                     0x00008000
windows	Inspect the pinned native Windows SDK and toolchain	2026-08-28T05:05:22.0291271Z 
windows	Inspect the pinned native Windows SDK and toolchain	2026-08-28T05:05:22.0292249Z #if (_WIN32_WINNT >= _WIN32_WINNT_WIN7)
windows	Inspect the pinned native Windows SDK and toolchain	2026-08-28T05:05:22.0293133Z --- um/winternl.h line 1007 ---
windows	Inspect the pinned native Windows SDK and toolchain	2026-08-28T05:05:22.0294355Z #define FILE_SYNCHRONOUS_IO_ALERT               0x00000010
windows	Inspect the pinned native Windows SDK and toolchain	2026-08-28T05:05:22.0295635Z #define FILE_SYNCHRONOUS_IO_NONALERT            0x00000020
windows	Inspect the pinned native Windows SDK and toolchain	2026-08-28T05:05:22.0296577Z #define FILE_NON_DIRECTORY_FILE                 0x00000040
windows	Inspect the pinned native Windows SDK and toolchain	2026-08-28T05:05:22.0297535Z #define FILE_CREATE_TREE_CONNECTION             0x00000080
windows	Inspect the pinned native Windows SDK and toolchain	2026-08-28T05:05:22.0298263Z 
windows	Inspect the pinned native Windows SDK and toolchain	2026-08-28T05:05:22.0299329Z #define FILE_COMPLETE_IF_OPLOCKED               0x00000100
windows	Inspect the pinned native Windows SDK and toolchain	2026-08-28T05:05:22.0300270Z #define FILE_NO_EA_KNOWLEDGE                    0x00000200
windows	Inspect the pinned native Windows SDK and toolchain	2026-08-28T05:05:22.0301180Z #define FILE_OPEN_REMOTE_INSTANCE               0x00000400
windows	Inspect the pinned native Windows SDK and toolchain	2026-08-28T05:05:22.0302376Z #define FILE_RANDOM_ACCESS                      0x00000800
windows	Inspect the pinned native Windows SDK and toolchain	2026-08-28T05:05:22.0303394Z 
windows	Inspect the pinned native Windows SDK and toolchain	2026-08-28T05:05:22.0304447Z #define FILE_DELETE_ON_CLOSE                    0x00001000
windows	Inspect the pinned native Windows SDK and toolchain	2026-08-28T05:05:22.0305987Z #define FILE_OPEN_BY_FILE_ID                    0x00002000
windows	Inspect the pinned native Windows SDK and toolchain	2026-08-28T05:05:22.0307535Z #define FILE_OPEN_FOR_BACKUP_INTENT             0x00004000
windows	Inspect the pinned native Windows SDK and toolchain	2026-08-28T05:05:22.0308726Z #define FILE_NO_COMPRESSION                     0x00008000
windows	Inspect the pinned native Windows SDK and toolchain	2026-08-28T05:05:22.0309980Z 
windows	Inspect the pinned native Windows SDK and toolchain	2026-08-28T05:05:22.0311285Z #if (_WIN32_WINNT >= _WIN32_WINNT_WIN7)
windows	Inspect the pinned native Windows SDK and toolchain	2026-08-28T05:05:22.0312599Z #define FILE_OPEN_REQUIRING_OPLOCK              0x00010000
windows	Inspect the pinned native Windows SDK and toolchain	2026-08-28T05:05:22.0313887Z #endif
windows	Inspect the pinned native Windows SDK and toolchain	2026-08-28T05:05:22.0314999Z 
windows	Inspect the pinned native Windows SDK and toolchain	2026-08-28T05:05:22.0316282Z #define FILE_RESERVE_OPFILTER                   0x00100000
windows	Inspect the pinned native Windows SDK and toolchain	2026-08-28T05:05:22.0317318Z #define FILE_OPEN_REPARSE_POINT                 0x00200000
windows	Inspect the pinned native Windows SDK and toolchain	2026-08-28T05:05:22.0318585Z #define FILE_OPEN_NO_RECALL                     0x00400000
windows	Inspect the pinned native Windows SDK and toolchain	2026-08-28T05:05:22.0319884Z #define FILE_OPEN_FOR_FREE_SPACE_QUERY          0x00800000
windows	Inspect the pinned native Windows SDK and toolchain	2026-08-28T05:05:22.0320795Z 
windows	Inspect the pinned native Windows SDK and toolchain	2026-08-28T05:05:22.0321949Z #define FILE_VALID_OPTION_FLAGS                 0x00ffffff
windows	Inspect the pinned native Windows SDK and toolchain	2026-08-28T05:05:22.0322971Z #define FILE_VALID_PIPE_OPTION_FLAGS            0x00000032
windows	Inspect the pinned native Windows SDK and toolchain	2026-08-28T05:05:22.0324246Z #define FILE_VALID_MAILSLOT_OPTION_FLAGS        0x00000032
windows	Inspect the pinned native Windows SDK and toolchain	2026-08-28T05:05:22.0325631Z #define FILE_VALID_SET_FLAGS                    0x00000036
windows	Inspect the pinned native Windows SDK and toolchain	2026-08-28T05:05:22.0326784Z 
windows	Inspect the pinned native Windows SDK and toolchain	2026-08-28T05:05:22.0328035Z //
windows	Inspect the pinned native Windows SDK and toolchain	2026-08-28T05:05:22.0329381Z // Define the I/O status information return values for NtCreateFile/NtOpenFile
windows	Inspect the pinned native Windows SDK and toolchain	2026-08-28T05:05:22.0330385Z --- um/winternl.h line 1026 ---
windows	Inspect the pinned native Windows SDK and toolchain	2026-08-28T05:05:22.0331669Z #define FILE_RESERVE_OPFILTER                   0x00100000
windows	Inspect the pinned native Windows SDK and toolchain	2026-08-28T05:05:22.0332895Z #define FILE_OPEN_REPARSE_POINT                 0x00200000
windows	Inspect the pinned native Windows SDK and toolchain	2026-08-28T05:05:22.0334225Z #define FILE_OPEN_NO_RECALL                     0x00400000
windows	Inspect the pinned native Windows SDK and toolchain	2026-08-28T05:05:22.0335519Z #define FILE_OPEN_FOR_FREE_SPACE_QUERY          0x00800000
windows	Inspect the pinned native Windows SDK and toolchain	2026-08-28T05:05:22.0336528Z 
windows	Inspect the pinned native Windows SDK and toolchain	2026-08-28T05:05:22.0337791Z #define FILE_VALID_OPTION_FLAGS                 0x00ffffff
windows	Inspect the pinned native Windows SDK and toolchain	2026-08-28T05:05:22.0338927Z #define FILE_VALID_PIPE_OPTION_FLAGS            0x00000032
windows	Inspect the pinned native Windows SDK and toolchain	2026-08-28T05:05:22.0339978Z #define FILE_VALID_MAILSLOT_OPTION_FLAGS        0x00000032
windows	Inspect the pinned native Windows SDK and toolchain	2026-08-28T05:05:22.0340975Z #define FILE_VALID_SET_FLAGS                    0x00000036
windows	Inspect the pinned native Windows SDK and toolchain	2026-08-28T05:05:22.0341819Z 
windows	Inspect the pinned native Windows SDK and toolchain	2026-08-28T05:05:22.0342928Z //
windows	Inspect the pinned native Windows SDK and toolchain	2026-08-28T05:05:22.0344236Z // Define the I/O status information return values for NtCreateFile/NtOpenFile
windows	Inspect the pinned native Windows SDK and toolchain	2026-08-28T05:05:22.0345274Z //
windows	Inspect the pinned native Windows SDK and toolchain	2026-08-28T05:05:22.0345994Z 
windows	Inspect the pinned native Windows SDK and toolchain	2026-08-28T05:05:22.0347269Z #define FILE_SUPERSEDED                 0x00000000
windows	Inspect the pinned native Windows SDK and toolchain	2026-08-28T05:05:22.0348601Z #define FILE_OPENED                     0x00000001
windows	Inspect the pinned native Windows SDK and toolchain	2026-08-28T05:05:22.0350035Z #define FILE_CREATED                    0x00000002
windows	Inspect the pinned native Windows SDK and toolchain	2026-08-28T05:05:22.0351262Z #define FILE_OVERWRITTEN                0x00000003
windows	Inspect the pinned native Windows SDK and toolchain	2026-08-28T05:05:22.0352532Z #define FILE_EXISTS                     0x00000004
windows	Inspect the pinned native Windows SDK and toolchain	2026-08-28T05:05:22.0353808Z #define FILE_DOES_NOT_EXIST             0x00000005
windows	Inspect the pinned native Windows SDK and toolchain	2026-08-28T05:05:22.0354802Z 
windows	Inspect the pinned native Windows SDK and toolchain	2026-08-28T05:05:22.0356023Z #ifndef __os_arm64x_get_x64_information
windows	Inspect the pinned native Windows SDK and toolchain	2026-08-28T05:05:22.0357023Z #define __os_arm64x_get_x64_information __os_arm64x_rdtsc
windows	Inspect the pinned native Windows SDK and toolchain	2026-08-28T05:05:22.0358188Z #endif
windows	Inspect the pinned native Windows SDK and toolchain	2026-08-28T05:05:22.0359398Z #ifndef __os_arm64x_set_x64_information
windows	Inspect the pinned native Windows SDK and toolchain	2026-08-28T05:05:22.0360624Z #define __os_arm64x_set_x64_information __os_arm64x_cpuidex
windows	Inspect the pinned native Windows SDK and toolchain	2026-08-28T05:05:22.0361824Z #endif
windows	Inspect the pinned native Windows SDK and toolchain	2026-08-28T05:05:22.0362905Z 
windows	Inspect the pinned native Windows SDK and toolchain	2026-08-28T05:05:22.0364143Z #ifdef __cplusplus
windows	Inspect the pinned native Windows SDK and toolchain	2026-08-28T05:05:22.0365199Z }
windows	Inspect the pinned native Windows SDK and toolchain	2026-08-28T05:05:22.0366952Z #endif
windows	Inspect the pinned native Windows SDK and toolchain	2026-08-28T05:05:22.0367740Z --- um/WinBase.h line 9112 ---
windows	Inspect the pinned native Windows SDK and toolchain	2026-08-28T05:05:22.0368822Z 
windows	Inspect the pinned native Windows SDK and toolchain	2026-08-28T05:05:22.0369852Z typedef struct _FILE_RENAME_INFO {
windows	Inspect the pinned native Windows SDK and toolchain	2026-08-28T05:05:22.0371108Z #if (_WIN32_WINNT >= _WIN32_WINNT_WIN10_RS1)
windows	Inspect the pinned native Windows SDK and toolchain	2026-08-28T05:05:22.0372328Z     union {
windows	Inspect the pinned native Windows SDK and toolchain	2026-08-28T05:05:22.0373481Z         BOOLEAN ReplaceIfExists;  // FileRenameInfo
windows	Inspect the pinned native Windows SDK and toolchain	2026-08-28T05:05:22.0374684Z         DWORD Flags;              // FileRenameInfoEx
windows	Inspect the pinned native Windows SDK and toolchain	2026-08-28T05:05:22.0375873Z     } DUMMYUNIONNAME;
windows	Inspect the pinned native Windows SDK and toolchain	2026-08-28T05:05:22.0377149Z #else
windows	Inspect the pinned native Windows SDK and toolchain	2026-08-28T05:05:22.0378345Z     BOOLEAN ReplaceIfExists;
windows	Inspect the pinned native Windows SDK and toolchain	2026-08-28T05:05:22.0379523Z #endif
windows	Inspect the pinned native Windows SDK and toolchain	2026-08-28T05:05:22.0380649Z     HANDLE RootDirectory;
windows	Inspect the pinned native Windows SDK and toolchain	2026-08-28T05:05:22.0381812Z     DWORD FileNameLength;
windows	Inspect the pinned native Windows SDK and toolchain	2026-08-28T05:05:22.0383449Z     WCHAR FileName[1];
windows	Inspect the pinned native Windows SDK and toolchain	2026-08-28T05:05:22.0384768Z } FILE_RENAME_INFO, *PFILE_RENAME_INFO;
windows	Inspect the pinned native Windows SDK and toolchain	2026-08-28T05:05:22.0385843Z 
windows	Inspect the pinned native Windows SDK and toolchain	2026-08-28T05:05:22.0387146Z typedef struct _FILE_ALLOCATION_INFO {
windows	Inspect the pinned native Windows SDK and toolchain	2026-08-28T05:05:22.0388453Z     LARGE_INTEGER AllocationSize;
windows	Inspect the pinned native Windows SDK and toolchain	2026-08-28T05:05:22.0389763Z } FILE_ALLOCATION_INFO, *PFILE_ALLOCATION_INFO;
windows	Inspect the pinned native Windows SDK and toolchain	2026-08-28T05:05:22.0390882Z 
windows	Inspect the pinned native Windows SDK and toolchain	2026-08-28T05:05:22.0392068Z typedef struct _FILE_END_OF_FILE_INFO {
windows	Inspect the pinned native Windows SDK and toolchain	2026-08-28T05:05:22.0393268Z     LARGE_INTEGER EndOfFile;
windows	Inspect the pinned native Windows SDK and toolchain	2026-08-28T05:05:22.0394410Z } FILE_END_OF_FILE_INFO, *PFILE_END_OF_FILE_INFO;
windows	Inspect the pinned native Windows SDK and toolchain	2026-08-28T05:05:22.0395433Z 
windows	Inspect the pinned native Windows SDK and toolchain	2026-08-28T05:05:22.0396704Z typedef struct _FILE_STREAM_INFO {
windows	Inspect the pinned native Windows SDK and toolchain	2026-08-28T05:05:22.0397855Z     DWORD NextEntryOffset;
windows	Inspect the pinned native Windows SDK and toolchain	2026-08-28T05:05:22.0399113Z     DWORD StreamNameLength;
windows	Inspect the pinned native Windows SDK and toolchain	2026-08-28T05:05:22.0400396Z     LARGE_INTEGER StreamSize;
windows	Inspect the pinned native Windows SDK and toolchain	2026-08-28T05:05:22.0401628Z     LARGE_INTEGER StreamAllocationSize;
windows	Inspect the pinned native Windows SDK and toolchain	2026-08-28T05:05:22.0402899Z     WCHAR StreamName[1];
windows	Inspect the pinned native Windows SDK and toolchain	2026-08-28T05:05:22.0404496Z } FILE_STREAM_INFO, *PFILE_STREAM_INFO;
windows	Inspect the pinned native Windows SDK and toolchain	2026-08-28T05:05:22.0404952Z 
windows	Inspect the pinned native Windows SDK and toolchain	2026-08-28T05:05:22.0406197Z --- um/WinBase.h line 9156 ---
windows	Inspect the pinned native Windows SDK and toolchain	2026-08-28T05:05:22.0407229Z 
windows	Inspect the pinned native Windows SDK and toolchain	2026-08-28T05:05:22.0408578Z typedef struct _FILE_DISPOSITION_INFO {
windows	Inspect the pinned native Windows SDK and toolchain	2026-08-28T05:05:22.0409520Z     BOOLEAN DeleteFile;
windows	Inspect the pinned native Windows SDK and toolchain	2026-08-28T05:05:22.0410658Z } FILE_DISPOSITION_INFO, *PFILE_DISPOSITION_INFO;
windows	Inspect the pinned native Windows SDK and toolchain	2026-08-28T05:05:22.0411729Z 
windows	Inspect the pinned native Windows SDK and toolchain	2026-08-28T05:05:22.0412926Z #if (_WIN32_WINNT >= _WIN32_WINNT_WIN10_RS1)
windows	Inspect the pinned native Windows SDK and toolchain	2026-08-28T05:05:22.0414219Z #define FILE_DISPOSITION_FLAG_DO_NOT_DELETE              0x00000000
windows	Inspect the pinned native Windows SDK and toolchain	2026-08-28T05:05:22.0415511Z #define FILE_DISPOSITION_FLAG_DELETE                     0x00000001
windows	Inspect the pinned native Windows SDK and toolchain	2026-08-28T05:05:22.0416607Z #define FILE_DISPOSITION_FLAG_POSIX_SEMANTICS            0x00000002
windows	Inspect the pinned native Windows SDK and toolchain	2026-08-28T05:05:22.0417756Z #define FILE_DISPOSITION_FLAG_FORCE_IMAGE_SECTION_CHECK  0x00000004
windows	Inspect the pinned native Windows SDK and toolchain	2026-08-28T05:05:22.0418729Z #define FILE_DISPOSITION_FLAG_ON_CLOSE                   0x00000008
windows	Inspect the pinned native Windows SDK and toolchain	2026-08-28T05:05:22.0419743Z #if (_WIN32_WINNT >= _WIN32_WINNT_WIN10_RS5)
windows	Inspect the pinned native Windows SDK and toolchain	2026-08-28T05:05:22.0421042Z #define FILE_DISPOSITION_FLAG_IGNORE_READONLY_ATTRIBUTE  0x00000010
windows	Inspect the pinned native Windows SDK and toolchain	2026-08-28T05:05:22.0422092Z #endif
windows	Inspect the pinned native Windows SDK and toolchain	2026-08-28T05:05:22.0423133Z 
windows	Inspect the pinned native Windows SDK and toolchain	2026-08-28T05:05:22.0424476Z typedef struct _FILE_DISPOSITION_INFO_EX {
windows	Inspect the pinned native Windows SDK and toolchain	2026-08-28T05:05:22.0425788Z     DWORD Flags;
windows	Inspect the pinned native Windows SDK and toolchain	2026-08-28T05:05:22.0426972Z } FILE_DISPOSITION_INFO_EX, *PFILE_DISPOSITION_INFO_EX;
windows	Inspect the pinned native Windows SDK and toolchain	2026-08-28T05:05:22.0427891Z #endif
windows	Inspect the pinned native Windows SDK and toolchain	2026-08-28T05:05:22.0428913Z 
windows	Inspect the pinned native Windows SDK and toolchain	2026-08-28T05:05:22.0429988Z typedef struct _FILE_ID_BOTH_DIR_INFO {
windows	Inspect the pinned native Windows SDK and toolchain	2026-08-28T05:05:22.0431162Z     DWORD NextEntryOffset;
windows	Inspect the pinned native Windows SDK and toolchain	2026-08-28T05:05:22.0432327Z     DWORD FileIndex;
windows	Inspect the pinned native Windows SDK and toolchain	2026-08-28T05:05:22.0433515Z     LARGE_INTEGER CreationTime;
windows	Inspect the pinned native Windows SDK and toolchain	2026-08-28T05:05:22.0434796Z     LARGE_INTEGER LastAccessTime;
windows	Inspect the pinned native Windows SDK and toolchain	2026-08-28T05:05:22.0436000Z     LARGE_INTEGER LastWriteTime;
windows	Inspect the pinned native Windows SDK and toolchain	2026-08-28T05:05:22.0436933Z     LARGE_INTEGER ChangeTime;
windows	Inspect the pinned native Windows SDK and toolchain	2026-08-28T05:05:22.0438158Z     LARGE_INTEGER EndOfFile;
windows	Inspect the pinned native Windows SDK and toolchain	2026-08-28T05:05:22.0439323Z     LARGE_INTEGER AllocationSize;
windows	Inspect the pinned native Windows SDK and toolchain	2026-08-28T05:05:22.0440515Z     DWORD FileAttributes;
windows	Inspect the pinned native Windows SDK and toolchain	2026-08-28T05:05:22.0441791Z     DWORD FileNameLength;
windows	Inspect the pinned native Windows SDK and toolchain	2026-08-28T05:05:22.0443041Z --- um/WinBase.h line 9170 ---
windows	Inspect the pinned native Windows SDK and toolchain	2026-08-28T05:05:22.0444174Z 
windows	Inspect the pinned native Windows SDK and toolchain	2026-08-28T05:05:22.0445462Z typedef struct _FILE_DISPOSITION_INFO_EX {
windows	Inspect the pinned native Windows SDK and toolchain	2026-08-28T05:05:22.0446379Z     DWORD Flags;
windows	Inspect the pinned native Windows SDK and toolchain	2026-08-28T05:05:22.0447676Z } FILE_DISPOSITION_INFO_EX, *PFILE_DISPOSITION_INFO_EX;
windows	Inspect the pinned native Windows SDK and toolchain	2026-08-28T05:05:22.0448746Z #endif
windows	Inspect the pinned native Windows SDK and toolchain	2026-08-28T05:05:22.0449676Z 
windows	Inspect the pinned native Windows SDK and toolchain	2026-08-28T05:05:22.0450747Z typedef struct _FILE_ID_BOTH_DIR_INFO {
windows	Inspect the pinned native Windows SDK and toolchain	2026-08-28T05:05:22.0451936Z     DWORD NextEntryOffset;
windows	Inspect the pinned native Windows SDK and toolchain	2026-08-28T05:05:22.0453221Z     DWORD FileIndex;
windows	Inspect the pinned native Windows SDK and toolchain	2026-08-28T05:05:22.0454359Z     LARGE_INTEGER CreationTime;
windows	Inspect the pinned native Windows SDK and toolchain	2026-08-28T05:05:22.0455578Z     LARGE_INTEGER LastAccessTime;
windows	Inspect the pinned native Windows SDK and toolchain	2026-08-28T05:05:22.0456848Z     LARGE_INTEGER LastWriteTime;
windows	Inspect the pinned native Windows SDK and toolchain	2026-08-28T05:05:22.0458055Z     LARGE_INTEGER ChangeTime;
windows	Inspect the pinned native Windows SDK and toolchain	2026-08-28T05:05:22.0459314Z     LARGE_INTEGER EndOfFile;
windows	Inspect the pinned native Windows SDK and toolchain	2026-08-28T05:05:22.0460582Z     LARGE_INTEGER AllocationSize;
windows	Inspect the pinned native Windows SDK and toolchain	2026-08-28T05:05:22.0461772Z     DWORD FileAttributes;
windows	Inspect the pinned native Windows SDK and toolchain	2026-08-28T05:05:22.0463031Z     DWORD FileNameLength;
windows	Inspect the pinned native Windows SDK and toolchain	2026-08-28T05:05:22.0464212Z     DWORD EaSize;
windows	Inspect the pinned native Windows SDK and toolchain	2026-08-28T05:05:22.0465448Z     CCHAR ShortNameLength;
windows	Inspect the pinned native Windows SDK and toolchain	2026-08-28T05:05:22.0466721Z     WCHAR ShortName[12];
windows	Inspect the pinned native Windows SDK and toolchain	2026-08-28T05:05:22.0468078Z     LARGE_INTEGER FileId;
windows	Inspect the pinned native Windows SDK and toolchain	2026-08-28T05:05:22.0469199Z     WCHAR FileName[1];
windows	Inspect the pinned native Windows SDK and toolchain	2026-08-28T05:05:22.0470373Z } FILE_ID_BOTH_DIR_INFO, *PFILE_ID_BOTH_DIR_INFO;
windows	Inspect the pinned native Windows SDK and toolchain	2026-08-28T05:05:22.0471395Z 
windows	Inspect the pinned native Windows SDK and toolchain	2026-08-28T05:05:22.0472659Z typedef struct _FILE_FULL_DIR_INFO {
windows	Inspect the pinned native Windows SDK and toolchain	2026-08-28T05:05:22.0473803Z     ULONG NextEntryOffset;
windows	Inspect the pinned native Windows SDK and toolchain	2026-08-28T05:05:22.0475140Z     ULONG FileIndex;
windows	Inspect the pinned native Windows SDK and toolchain	2026-08-28T05:05:22.0476370Z     LARGE_INTEGER CreationTime;
windows	Inspect the pinned native Windows SDK and toolchain	2026-08-28T05:05:22.0477620Z     LARGE_INTEGER LastAccessTime;
windows	Inspect the pinned native Windows SDK and toolchain	2026-08-28T05:05:22.0478851Z     LARGE_INTEGER LastWriteTime;
windows	Inspect the pinned native Windows SDK and toolchain	2026-08-28T05:05:22.0480068Z     LARGE_INTEGER ChangeTime;
windows	Inspect the pinned native Windows SDK and toolchain	2026-08-28T05:05:22.0481339Z --- um/WinBase.h line 9259 ---
windows	Inspect the pinned native Windows SDK and toolchain	2026-08-28T05:05:22.0482439Z //
windows	Inspect the pinned native Windows SDK and toolchain	2026-08-28T05:05:22.0483657Z typedef struct _FILE_ID_INFO {
windows	Inspect the pinned native Windows SDK and toolchain	2026-08-28T05:05:22.0484959Z     ULONGLONG VolumeSerialNumber;
windows	Inspect the pinned native Windows SDK and toolchain	2026-08-28T05:05:22.0486218Z     FILE_ID_128 FileId;
windows	Inspect the pinned native Windows SDK and toolchain	2026-08-28T05:05:22.0487453Z } FILE_ID_INFO, *PFILE_ID_INFO;
windows	Inspect the pinned native Windows SDK and toolchain	2026-08-28T05:05:22.0488498Z 
windows	Inspect the pinned native Windows SDK and toolchain	2026-08-28T05:05:22.0489548Z //
windows	Inspect the pinned native Windows SDK and toolchain	2026-08-28T05:05:22.0490609Z //  Structure definition for FileIdExtdDirectoryInfo
windows	Inspect the pinned native Windows SDK and toolchain	2026-08-28T05:05:22.0491747Z //
windows	Inspect the pinned native Windows SDK and toolchain	2026-08-28T05:05:22.0492846Z typedef struct _FILE_ID_EXTD_DIR_INFO {
windows	Inspect the pinned native Windows SDK and toolchain	2026-08-28T05:05:22.0494080Z     ULONG NextEntryOffset;
windows	Inspect the pinned native Windows SDK and toolchain	2026-08-28T05:05:22.0495300Z     ULONG FileIndex;
windows	Inspect the pinned native Windows SDK and toolchain	2026-08-28T05:05:22.0496420Z     LARGE_INTEGER CreationTime;
windows	Inspect the pinned native Windows SDK and toolchain	2026-08-28T05:05:22.0497654Z     LARGE_INTEGER LastAccessTime;
windows	Inspect the pinned native Windows SDK and toolchain	2026-08-28T05:05:22.0498881Z     LARGE_INTEGER LastWriteTime;
windows	Inspect the pinned native Windows SDK and toolchain	2026-08-28T05:05:22.0500069Z     LARGE_INTEGER ChangeTime;
windows	Inspect the pinned native Windows SDK and toolchain	2026-08-28T05:05:22.0501197Z     LARGE_INTEGER EndOfFile;
windows	Inspect the pinned native Windows SDK and toolchain	2026-08-28T05:05:22.0502534Z     LARGE_INTEGER AllocationSize;
windows	Inspect the pinned native Windows SDK and toolchain	2026-08-28T05:05:22.0503952Z     ULONG FileAttributes;
windows	Inspect the pinned native Windows SDK and toolchain	2026-08-28T05:05:22.0505195Z     ULONG FileNameLength;
windows	Inspect the pinned native Windows SDK and toolchain	2026-08-28T05:05:22.0506333Z     ULONG EaSize;
windows	Inspect the pinned native Windows SDK and toolchain	2026-08-28T05:05:22.0507551Z     ULONG ReparsePointTag;
windows	Inspect the pinned native Windows SDK and toolchain	2026-08-28T05:05:22.0508841Z     FILE_ID_128 FileId;
windows	Inspect the pinned native Windows SDK and toolchain	2026-08-28T05:05:22.0509987Z     WCHAR FileName[1];
windows	Inspect the pinned native Windows SDK and toolchain	2026-08-28T05:05:22.0511232Z } FILE_ID_EXTD_DIR_INFO, *PFILE_ID_EXTD_DIR_INFO;
windows	Inspect the pinned native Windows SDK and toolchain	2026-08-28T05:05:22.0512380Z 
windows	Inspect the pinned native Windows SDK and toolchain	2026-08-28T05:05:22.0513587Z #endif
windows	Inspect the pinned native Windows SDK and toolchain	2026-08-28T05:05:22.0514612Z 
windows	Inspect the pinned native Windows SDK and toolchain	2026-08-28T05:05:22.0515821Z //
windows	Inspect the pinned native Windows SDK and toolchain	2026-08-28T05:05:22.0516932Z // File Remote protocol info (FileRemoteProtocolInfo)
windows	Inspect the pinned native Windows SDK and toolchain	2026-08-28T05:05:22.0518075Z //
windows	Inspect the pinned native Windows SDK and toolchain	2026-08-28T05:05:22.0519268Z --- um/fileapi.h line 889 ---
windows	Inspect the pinned native Windows SDK and toolchain	2026-08-28T05:05:22.0520380Z WINAPI
windows	Inspect the pinned native Windows SDK and toolchain	2026-08-28T05:05:22.0521561Z GetVolumeInformationByHandleW(
windows	Inspect the pinned native Windows SDK and toolchain	2026-08-28T05:05:22.0522623Z     _In_ HANDLE hFile,
windows	Inspect the pinned native Windows SDK and toolchain	2026-08-28T05:05:22.0523987Z     _Out_writes_opt_(nVolumeNameSize) LPWSTR lpVolumeNameBuffer,
windows	Inspect the pinned native Windows SDK and toolchain	2026-08-28T05:05:22.0525261Z     _In_ DWORD nVolumeNameSize,
windows	Inspect the pinned native Windows SDK and toolchain	2026-08-28T05:05:22.0526521Z     _Out_opt_ LPDWORD lpVolumeSerialNumber,
windows	Inspect the pinned native Windows SDK and toolchain	2026-08-28T05:05:22.0527849Z     _Out_opt_ LPDWORD lpMaximumComponentLength,
windows	Inspect the pinned native Windows SDK and toolchain	2026-08-28T05:05:22.0529287Z     _Out_opt_ LPDWORD lpFileSystemFlags,
windows	Inspect the pinned native Windows SDK and toolchain	2026-08-28T05:05:22.0530552Z     _Out_writes_opt_(nFileSystemNameSize) LPWSTR lpFileSystemNameBuffer,
windows	Inspect the pinned native Windows SDK and toolchain	2026-08-28T05:05:22.0531658Z     _In_ DWORD nFileSystemNameSize
windows	Inspect the pinned native Windows SDK and toolchain	2026-08-28T05:05:22.0532917Z     );
windows	Inspect the pinned native Windows SDK and toolchain	2026-08-28T05:05:22.0534001Z 
windows	Inspect the pinned native Windows SDK and toolchain	2026-08-28T05:05:22.0535254Z #endif /* _WIN32_WINNT >=  0x0600 */
windows	Inspect the pinned native Windows SDK and toolchain	2026-08-28T05:05:22.0536284Z 
windows	Inspect the pinned native Windows SDK and toolchain	2026-08-28T05:05:22.0537516Z WINBASEAPI
windows	Inspect the pinned native Windows SDK and toolchain	2026-08-28T05:05:22.0538699Z BOOL
windows	Inspect the pinned native Windows SDK and toolchain	2026-08-28T05:05:22.0539946Z WINAPI
windows	Inspect the pinned native Windows SDK and toolchain	2026-08-28T05:05:22.0541424Z GetVolumeInformationW(
windows	Inspect the pinned native Windows SDK and toolchain	2026-08-28T05:05:22.0542331Z     _In_opt_ LPCWSTR lpRootPathName,
windows	Inspect the pinned native Windows SDK and toolchain	2026-08-28T05:05:22.0543895Z     _Out_writes_opt_(nVolumeNameSize) LPWSTR lpVolumeNameBuffer,
windows	Inspect the pinned native Windows SDK and toolchain	2026-08-28T05:05:22.0544821Z     _In_ DWORD nVolumeNameSize,
windows	Inspect the pinned native Windows SDK and toolchain	2026-08-28T05:05:22.0546015Z     _Out_opt_ LPDWORD lpVolumeSerialNumber,
windows	Inspect the pinned native Windows SDK and toolchain	2026-08-28T05:05:22.0547314Z     _Out_opt_ LPDWORD lpMaximumComponentLength,
windows	Inspect the pinned native Windows SDK and toolchain	2026-08-28T05:05:22.0548554Z     _Out_opt_ LPDWORD lpFileSystemFlags,
windows	Inspect the pinned native Windows SDK and toolchain	2026-08-28T05:05:22.0549856Z     _Out_writes_opt_(nFileSystemNameSize) LPWSTR lpFileSystemNameBuffer,
windows	Inspect the pinned native Windows SDK and toolchain	2026-08-28T05:05:22.0550940Z     _In_ DWORD nFileSystemNameSize
windows	Inspect the pinned native Windows SDK and toolchain	2026-08-28T05:05:22.0552112Z     );
windows	Inspect the pinned native Windows SDK and toolchain	2026-08-28T05:05:22.0553111Z 
windows	Inspect the pinned native Windows SDK and toolchain	2026-08-28T05:05:22.0554170Z #ifdef UNICODE
windows	Inspect the pinned native Windows SDK and toolchain	2026-08-28T05:05:22.0555368Z #define GetVolumeInformation  GetVolumeInformationW
windows	Inspect the pinned native Windows SDK and toolchain	2026-08-28T05:05:22.0556681Z #endif
windows	Preserve actual Windows observations	﻿2026-08-28T05:05:22.1343174Z Node 20 is being deprecated. This workflow is running with Node 24 by default. If you need to temporarily use Node 20, you can set the ACTIONS_ALLOW_USE_UNSECURE_NODE_VERSION=true environment variable. For more information see: https://github.blog/changelog/2025-09-19-deprecation-of-node-20-on-github-actions-runners/
windows	Preserve actual Windows observations	2026-08-28T05:05:22.1348911Z ##[group]Run actions/upload-artifact@ea165f8d65b6e75b540449e92b4886f43607fa02
windows	Preserve actual Windows observations	2026-08-28T05:05:22.1349243Z with:
windows	Preserve actual Windows observations	2026-08-28T05:05:22.1349421Z   name: containment-windows-parity
windows	Preserve actual Windows observations	2026-08-28T05:05:22.1349637Z   path: windows-preflight/
windows	Preserve actual Windows observations	2026-08-28T05:05:22.1349825Z   if-no-files-found: error
windows	Preserve actual Windows observations	2026-08-28T05:05:22.1350004Z   retention-days: 7
windows	Preserve actual Windows observations	2026-08-28T05:05:22.1350165Z   compression-level: 6
windows	Preserve actual Windows observations	2026-08-28T05:05:22.1350332Z   overwrite: false
windows	Preserve actual Windows observations	2026-08-28T05:05:22.1350493Z   include-hidden-files: false
windows	Preserve actual Windows observations	2026-08-28T05:05:22.1350689Z ##[endgroup]
windows	Preserve actual Windows observations	2026-08-28T05:05:22.3048416Z (node:6748) [DEP0040] DeprecationWarning: The `punycode` module is deprecated. Please use a userland alternative instead.
windows	Preserve actual Windows observations	2026-08-28T05:05:22.3049133Z (Use `node --trace-deprecation ...` to show where the warning was created)
windows	Preserve actual Windows observations	2026-08-28T05:05:22.3097532Z With the provided path, there will be 2 files uploaded
windows	Preserve actual Windows observations	2026-08-28T05:05:22.3101903Z Artifact name is valid!
windows	Preserve actual Windows observations	2026-08-28T05:05:22.3103323Z Root directory input is valid!
windows	Preserve actual Windows observations	2026-08-28T05:05:22.6468333Z Beginning upload of artifact content to blob storage
windows	Preserve actual Windows observations	2026-08-28T05:05:22.6635406Z (node:6748) [DEP0169] DeprecationWarning: `url.parse()` behavior is not standardized and prone to errors that have security implications. Use the WHATWG URL API instead. CVEs are not issued for `url.parse()` vulnerabilities.
windows	Preserve actual Windows observations	2026-08-28T05:05:22.8798139Z Uploaded bytes 2915
windows	Preserve actual Windows observations	2026-08-28T05:05:22.9428612Z Finished uploading artifact content to blob storage!
windows	Preserve actual Windows observations	2026-08-28T05:05:22.9429364Z SHA256 digest of uploaded artifact zip is 6a9457754ab460e62c27f5b7a13aea0c627d238f998d6a17a9310757fb8abd31
windows	Preserve actual Windows observations	2026-08-28T05:05:22.9430732Z Finalizing artifact upload
windows	Preserve actual Windows observations	2026-08-28T05:05:23.1810805Z Artifact containment-windows-parity.zip successfully finalized. Artifact ID 9674931378
windows	Preserve actual Windows observations	2026-08-28T05:05:23.1812090Z Artifact containment-windows-parity has been successfully uploaded! Final size is 2915 bytes. Artifact ID is 9674931378
windows	Preserve actual Windows observations	2026-08-28T05:05:23.1821978Z Artifact download URL: https://github.com/ishk-sftckz/exspecso/actions/runs/33143691447/artifacts/9674931378
windows	Complete job	﻿2026-08-28T05:05:23.2006900Z Cleaning up orphan processes
windows	Complete job	2026-08-28T05:05:23.2043484Z ##[warning]Node.js 20 is deprecated. The following actions target Node.js 20 but are being forced to run on Node.js 24: actions/upload-artifact@ea165f8d65b6e75b540449e92b4886f43607fa02. For more information see: https://github.blog/changelog/2025-09-19-deprecation-of-node-20-on-github-actions-runners/
